// Jest Snapshot v1, https://goo.gl/fbAQLP

exports[`Loader should match the snapshot 1`] = `
"<div className=\\"loading-icon-wrapper\\">
  <img className=\\"loading-icon\\" src=\\"loader.png\\" alt=\\"loading icon, the page is loading\\" />
</div>"
`;
